{
  "interpretation": "Targeted translation-integrity tests; not proof that the RTL fault classes model physical defects.",
  "mutations": [
    {
      "mutation": "pinned upstream blob",
      "reason": "REJECT: upstream integrity uart_tx.v",
      "rejected": true
    },
    {
      "mutation": "declaration-only compatibility copy",
      "reason": "REJECT: compatibility output uart_rx.v",
      "rejected": true
    },
    {
      "mutation": "retained trace digest",
      "reason": "REJECT: trace hash payload-5/line_early",
      "rejected": true
    },
    {
      "mutation": "fault declaration",
      "reason": "REJECT: fixed fault schedule/value payload-5/line_early",
      "rejected": true
    },
    {
      "mutation": "trace-to-table cell",
      "reason": "REJECT: model translation line_early/7/0",
      "rejected": true
    },
    {
      "mutation": "frozen campaign membership",
      "reason": "REJECT: campaign identifiers",
      "rejected": true
    },
    {
      "mutation": "renamed campaign case",
      "reason": "REJECT: campaign identifier-to-spec binding",
      "rejected": true
    },
    {
      "mutation": "exchanged campaign case identifiers",
      "reason": "REJECT: campaign identifier-to-spec binding",
      "rejected": true
    },
    {
      "mutation": "equal-cost tx_busy/rxd tap-name swap",
      "reason": "REJECT: ordered tap name/kind/cost binding",
      "rejected": true
    },
    {
      "mutation": "payload-5 tx_data_early cycle 10-to-11",
      "reason": "REJECT: fixed fault schedule/value payload-5/tx_data_early",
      "rejected": true
    }
  ],
  "mutations_rejected": 10,
  "status": "passed",
  "valid_fixture_accepted": true
}
