{"case": "counter-h4-d0-o1-c0", "status": "infeasible", "cost": null, "cpu": 0.000999}
{"case": "counter-h4-d0-o1-c1", "status": "feasible", "cost": 1, "cpu": 0.001001}
{"case": "counter-h4-d0-o1-c2", "status": "feasible", "cost": 2, "cpu": 0.00065}
{"case": "counter-h4-d0-o1-c012", "status": "infeasible", "cost": null, "cpu": 0.001001}
{"case": "counter-h4-d0-o2-c0", "status": "infeasible", "cost": null, "cpu": 0.000557}
{"case": "counter-h4-d0-o2-c1", "status": "feasible", "cost": 1, "cpu": 0.001997}
{"case": "counter-h4-d0-o2-c2", "status": "feasible", "cost": 2, "cpu": 0.001813}
{"case": "counter-h4-d0-o2-c012", "status": "infeasible", "cost": null, "cpu": 0.001001}
{"case": "counter-h4-d1-o1-c0", "status": "infeasible", "cost": null, "cpu": 0.000439}
{"case": "counter-h4-d1-o1-c1", "status": "feasible", "cost": 2, "cpu": 0.001002}
{"case": "counter-h4-d1-o1-c2", "status": "feasible", "cost": 2, "cpu": 0.000594}
{"case": "counter-h4-d1-o1-c012", "status": "infeasible", "cost": null, "cpu": 0.001003}
{"case": "counter-h4-d1-o2-c0", "status": "infeasible", "cost": null, "cpu": 0.000482}
{"case": "counter-h4-d1-o2-c1", "status": "feasible", "cost": 2, "cpu": 0.002996}
{"case": "counter-h4-d1-o2-c2", "status": "feasible", "cost": 2, "cpu": 0.001998}
{"case": "counter-h4-d1-o2-c012", "status": "infeasible", "cost": null, "cpu": 0.001002}
{"case": "counter-h4-d2-o1-c0", "status": "infeasible", "cost": null, "cpu": 0.000997}
{"case": "counter-h4-d2-o1-c1", "status": "feasible", "cost": 4, "cpu": 0.00195}
{"case": "counter-h4-d2-o1-c2", "status": "infeasible", "cost": null, "cpu": 0.000831}
{"case": "counter-h4-d2-o1-c012", "status": "infeasible", "cost": null, "cpu": 0.000996}
{"case": "counter-h4-d2-o2-c0", "status": "infeasible", "cost": null, "cpu": 0.000725}
{"case": "counter-h4-d2-o2-c1", "status": "feasible", "cost": 4, "cpu": 0.001996}
{"case": "counter-h4-d2-o2-c2", "status": "infeasible", "cost": null, "cpu": 0.001004}
{"case": "counter-h4-d2-o2-c012", "status": "infeasible", "cost": null, "cpu": 0.001001}
{"case": "counter-h8-d0-o1-c0", "status": "infeasible", "cost": null, "cpu": 0.001009}
{"case": "counter-h8-d0-o1-c1", "status": "feasible", "cost": 1, "cpu": 0.00143}
{"case": "counter-h8-d0-o1-c2", "status": "feasible", "cost": 1, "cpu": 0.001503}
{"case": "counter-h8-d0-o1-c012", "status": "infeasible", "cost": null, "cpu": 0.001551}
{"case": "counter-h8-d0-o2-c0", "status": "infeasible", "cost": null, "cpu": 0.001457}
{"case": "counter-h8-d0-o2-c1", "status": "feasible", "cost": 1, "cpu": 0.003659}
{"case": "counter-h8-d0-o2-c2", "status": "feasible", "cost": 1, "cpu": 0.003998}
{"case": "counter-h8-d0-o2-c012", "status": "infeasible", "cost": null, "cpu": 0.001985}
{"case": "counter-h8-d1-o1-c0", "status": "infeasible", "cost": null, "cpu": 0.001001}
{"case": "counter-h8-d1-o1-c1", "status": "feasible", "cost": 1, "cpu": 0.000999}
{"case": "counter-h8-d1-o1-c2", "status": "feasible", "cost": 2, "cpu": 0.000998}
{"case": "counter-h8-d1-o1-c012", "status": "infeasible", "cost": null, "cpu": 0.002001}
{"case": "counter-h8-d1-o2-c0", "status": "infeasible", "cost": null, "cpu": 0.000896}
{"case": "counter-h8-d1-o2-c1", "status": "feasible", "cost": 2, "cpu": 0.005994}
{"case": "counter-h8-d1-o2-c2", "status": "feasible", "cost": 2, "cpu": 0.004996}
{"case": "counter-h8-d1-o2-c012", "status": "infeasible", "cost": null, "cpu": 0.002}
{"case": "counter-h8-d2-o1-c0", "status": "infeasible", "cost": null, "cpu": 0.000998}
{"case": "counter-h8-d2-o1-c1", "status": "feasible", "cost": 2, "cpu": 0.002591}
{"case": "counter-h8-d2-o1-c2", "status": "feasible", "cost": 2, "cpu": 0.002773}
{"case": "counter-h8-d2-o1-c012", "status": "infeasible", "cost": null, "cpu": 0.001898}
{"case": "counter-h8-d2-o2-c0", "status": "infeasible", "cost": null, "cpu": 0.001737}
{"case": "counter-h8-d2-o2-c1", "status": "feasible", "cost": 2, "cpu": 0.00593}
{"case": "counter-h8-d2-o2-c2", "status": "feasible", "cost": 2, "cpu": 0.004992}
{"case": "counter-h8-d2-o2-c012", "status": "infeasible", "cost": null, "cpu": 0.001999}
{"case": "counter-h12-d0-o1-c0", "status": "infeasible", "cost": null, "cpu": 0.00172}
{"case": "counter-h12-d0-o1-c1", "status": "feasible", "cost": 1, "cpu": 0.001998}
{"case": "counter-h12-d0-o1-c2", "status": "feasible", "cost": 1, "cpu": 0.001998}
{"case": "counter-h12-d0-o1-c012", "status": "infeasible", "cost": null, "cpu": 0.002635}
{"case": "counter-h12-d0-o2-c0", "status": "infeasible", "cost": null, "cpu": 0.001684}
{"case": "counter-h12-d0-o2-c1", "status": "feasible", "cost": 1, "cpu": 0.007002}
{"case": "counter-h12-d0-o2-c2", "status": "feasible", "cost": 1, "cpu": 0.006995}
{"case": "counter-h12-d0-o2-c012", "status": "infeasible", "cost": null, "cpu": 0.003891}
{"case": "counter-h12-d1-o1-c0", "status": "infeasible", "cost": null, "cpu": 0.00148}
{"case": "counter-h12-d1-o1-c1", "status": "feasible", "cost": 1, "cpu": 0.001999}
{"case": "counter-h12-d1-o1-c2", "status": "feasible", "cost": 1, "cpu": 0.002}
{"case": "counter-h12-d1-o1-c012", "status": "infeasible", "cost": null, "cpu": 0.001997}
{"case": "counter-h12-d1-o2-c0", "status": "infeasible", "cost": null, "cpu": 0.002001}
{"case": "counter-h12-d1-o2-c1", "status": "feasible", "cost": 2, "cpu": 0.009709}
{"case": "counter-h12-d1-o2-c2", "status": "feasible", "cost": 1, "cpu": 0.005997}
{"case": "counter-h12-d1-o2-c012", "status": "infeasible", "cost": null, "cpu": 0.003999}
{"case": "counter-h12-d2-o1-c0", "status": "infeasible", "cost": null, "cpu": 0.001615}
{"case": "counter-h12-d2-o1-c1", "status": "feasible", "cost": 2, "cpu": 0.002996}
{"case": "counter-h12-d2-o1-c2", "status": "feasible", "cost": 2, "cpu": 0.002999}
{"case": "counter-h12-d2-o1-c012", "status": "infeasible", "cost": null, "cpu": 0.002782}
{"case": "counter-h12-d2-o2-c0", "status": "infeasible", "cost": null, "cpu": 0.001767}
{"case": "counter-h12-d2-o2-c1", "status": "feasible", "cost": 2, "cpu": 0.008995}
{"case": "counter-h12-d2-o2-c2", "status": "feasible", "cost": 2, "cpu": 0.008995}
{"case": "counter-h12-d2-o2-c012", "status": "infeasible", "cost": null, "cpu": 0.003999}
{"case": "fifo-h4-d0-o1-c0", "status": "infeasible", "cost": null, "cpu": 0.003835}
{"case": "fifo-h4-d0-o1-c1", "status": "infeasible", "cost": null, "cpu": 0.005994}
{"case": "fifo-h4-d0-o1-c2", "status": "infeasible", "cost": null, "cpu": 0.005996}
{"case": "fifo-h4-d0-o1-c012", "status": "infeasible", "cost": null, "cpu": 0.003999}
{"case": "fifo-h4-d0-o2-c0", "status": "infeasible", "cost": null, "cpu": 0.003996}
{"case": "fifo-h4-d0-o2-c1", "status": "infeasible", "cost": null, "cpu": 0.014902}
{"case": "fifo-h4-d0-o2-c2", "status": "infeasible", "cost": null, "cpu": 0.014942}
{"case": "fifo-h4-d0-o2-c012", "status": "infeasible", "cost": null, "cpu": 0.003861}
{"case": "fifo-h4-d1-o1-c0", "status": "infeasible", "cost": null, "cpu": 0.003997}
{"case": "fifo-h4-d1-o1-c1", "status": "infeasible", "cost": null, "cpu": 0.005655}
{"case": "fifo-h4-d1-o1-c2", "status": "infeasible", "cost": null, "cpu": 0.006999}
{"case": "fifo-h4-d1-o1-c012", "status": "infeasible", "cost": null, "cpu": 0.003616}
{"case": "fifo-h4-d1-o2-c0", "status": "infeasible", "cost": null, "cpu": 0.003996}
{"case": "fifo-h4-d1-o2-c1", "status": "infeasible", "cost": null, "cpu": 0.012673}
{"case": "fifo-h4-d1-o2-c2", "status": "infeasible", "cost": null, "cpu": 0.014791}
{"case": "fifo-h4-d1-o2-c012", "status": "infeasible", "cost": null, "cpu": 0.003995}
{"case": "fifo-h4-d2-o1-c0", "status": "infeasible", "cost": null, "cpu": 0.003499}
{"case": "fifo-h4-d2-o1-c1", "status": "infeasible", "cost": null, "cpu": 0.004997}
{"case": "fifo-h4-d2-o1-c2", "status": "infeasible", "cost": null, "cpu": 0.004995}
{"case": "fifo-h4-d2-o1-c012", "status": "infeasible", "cost": null, "cpu": 0.003999}
{"case": "fifo-h4-d2-o2-c0", "status": "infeasible", "cost": null, "cpu": 0.003497}
{"case": "fifo-h4-d2-o2-c1", "status": "infeasible", "cost": null, "cpu": 0.009995}
{"case": "fifo-h4-d2-o2-c2", "status": "infeasible", "cost": null, "cpu": 0.009823}
{"case": "fifo-h4-d2-o2-c012", "status": "infeasible", "cost": null, "cpu": 0.003998}
{"case": "fifo-h8-d0-o1-c0", "status": "infeasible", "cost": null, "cpu": 0.004995}
{"case": "fifo-h8-d0-o1-c1", "status": "infeasible", "cost": null, "cpu": 0.009587}
{"case": "fifo-h8-d0-o1-c2", "status": "infeasible", "cost": null, "cpu": 0.008944}
{"case": "fifo-h8-d0-o1-c012", "status": "infeasible", "cost": null, "cpu": 0.004996}
{"case": "fifo-h8-d0-o2-c0", "status": "infeasible", "cost": null, "cpu": 0.004995}
{"case": "fifo-h8-d0-o2-c1", "status": "infeasible", "cost": null, "cpu": 0.02056}
{"case": "fifo-h8-d0-o2-c2", "status": "infeasible", "cost": null, "cpu": 0.0205}
{"case": "fifo-h8-d0-o2-c012", "status": "infeasible", "cost": null, "cpu": 0.005758}
{"case": "fifo-h8-d1-o1-c0", "status": "infeasible", "cost": null, "cpu": 0.004996}
{"case": "fifo-h8-d1-o1-c1", "status": "infeasible", "cost": null, "cpu": 0.008996}
{"case": "fifo-h8-d1-o1-c2", "status": "infeasible", "cost": null, "cpu": 0.009527}
{"case": "fifo-h8-d1-o1-c012", "status": "infeasible", "cost": null, "cpu": 0.00594}
{"case": "fifo-h8-d1-o2-c0", "status": "infeasible", "cost": null, "cpu": 0.004891}
{"case": "fifo-h8-d1-o2-c1", "status": "infeasible", "cost": null, "cpu": 0.020996}
{"case": "fifo-h8-d1-o2-c2", "status": "infeasible", "cost": null, "cpu": 0.020476}
{"case": "fifo-h8-d1-o2-c012", "status": "infeasible", "cost": null, "cpu": 0.005994}
{"case": "fifo-h8-d2-o1-c0", "status": "infeasible", "cost": null, "cpu": 0.005791}
{"case": "fifo-h8-d2-o1-c1", "status": "infeasible", "cost": null, "cpu": 0.009576}
{"case": "fifo-h8-d2-o1-c2", "status": "infeasible", "cost": null, "cpu": 0.008663}
{"case": "fifo-h8-d2-o1-c012", "status": "infeasible", "cost": null, "cpu": 0.005999}
{"case": "fifo-h8-d2-o2-c0", "status": "infeasible", "cost": null, "cpu": 0.004908}
{"case": "fifo-h8-d2-o2-c1", "status": "infeasible", "cost": null, "cpu": 0.022996}
{"case": "fifo-h8-d2-o2-c2", "status": "infeasible", "cost": null, "cpu": 0.020997}
{"case": "fifo-h8-d2-o2-c012", "status": "infeasible", "cost": null, "cpu": 0.005699}
{"case": "fifo-h12-d0-o1-c0", "status": "infeasible", "cost": null, "cpu": 0.007997}
{"case": "fifo-h12-d0-o1-c1", "status": "infeasible", "cost": null, "cpu": 0.012775}
{"case": "fifo-h12-d0-o1-c2", "status": "feasible", "cost": 1, "cpu": 0.002998}
{"case": "fifo-h12-d0-o1-c012", "status": "infeasible", "cost": null, "cpu": 0.007993}
{"case": "fifo-h12-d0-o2-c0", "status": "infeasible", "cost": null, "cpu": 0.007662}
{"case": "fifo-h12-d0-o2-c1", "status": "infeasible", "cost": null, "cpu": 0.029996}
{"case": "fifo-h12-d0-o2-c2", "status": "feasible", "cost": 1, "cpu": 0.00652}
{"case": "fifo-h12-d0-o2-c012", "status": "infeasible", "cost": null, "cpu": 0.008994}
{"case": "fifo-h12-d1-o1-c0", "status": "infeasible", "cost": null, "cpu": 0.007478}
{"case": "fifo-h12-d1-o1-c1", "status": "infeasible", "cost": null, "cpu": 0.012995}
{"case": "fifo-h12-d1-o1-c2", "status": "feasible", "cost": 1, "cpu": 0.003512}
{"case": "fifo-h12-d1-o1-c012", "status": "infeasible", "cost": null, "cpu": 0.008714}
{"case": "fifo-h12-d1-o2-c0", "status": "infeasible", "cost": null, "cpu": 0.007857}
{"case": "fifo-h12-d1-o2-c1", "status": "infeasible", "cost": null, "cpu": 0.029995}
{"case": "fifo-h12-d1-o2-c2", "status": "feasible", "cost": 1, "cpu": 0.006994}
{"case": "fifo-h12-d1-o2-c012", "status": "infeasible", "cost": null, "cpu": 0.009969}
{"case": "fifo-h12-d2-o1-c0", "status": "infeasible", "cost": null, "cpu": 0.007993}
{"case": "fifo-h12-d2-o1-c1", "status": "infeasible", "cost": null, "cpu": 0.014571}
{"case": "fifo-h12-d2-o1-c2", "status": "feasible", "cost": 2, "cpu": 0.010999}
{"case": "fifo-h12-d2-o1-c012", "status": "infeasible", "cost": null, "cpu": 0.008817}
{"case": "fifo-h12-d2-o2-c0", "status": "infeasible", "cost": null, "cpu": 0.007925}
{"case": "fifo-h12-d2-o2-c1", "status": "infeasible", "cost": null, "cpu": 0.032542}
{"case": "fifo-h12-d2-o2-c2", "status": "feasible", "cost": 2, "cpu": 0.020988}
{"case": "fifo-h12-d2-o2-c012", "status": "infeasible", "cost": null, "cpu": 0.008995}
{"case": "arbiter-h4-d0-o1-c0", "status": "infeasible", "cost": null, "cpu": 0.001003}
{"case": "arbiter-h4-d0-o1-c1", "status": "infeasible", "cost": null, "cpu": 0.001569}
{"case": "arbiter-h4-d0-o1-c2", "status": "feasible", "cost": 1, "cpu": 0.001001}
{"case": "arbiter-h4-d0-o1-c012", "status": "infeasible", "cost": null, "cpu": 0.001001}
{"case": "arbiter-h4-d0-o2-c0", "status": "infeasible", "cost": null, "cpu": 0.000998}
{"case": "arbiter-h4-d0-o2-c1", "status": "infeasible", "cost": null, "cpu": 0.001924}
{"case": "arbiter-h4-d0-o2-c2", "status": "feasible", "cost": 2, "cpu": 0.002997}
{"case": "arbiter-h4-d0-o2-c012", "status": "infeasible", "cost": null, "cpu": 0.001898}
{"case": "arbiter-h4-d1-o1-c0", "status": "infeasible", "cost": null, "cpu": 0.001472}
{"case": "arbiter-h4-d1-o1-c1", "status": "infeasible", "cost": null, "cpu": 0.001957}
{"case": "arbiter-h4-d1-o1-c2", "status": "feasible", "cost": 4, "cpu": 0.001804}
{"case": "arbiter-h4-d1-o1-c012", "status": "infeasible", "cost": null, "cpu": 0.001002}
{"case": "arbiter-h4-d1-o2-c0", "status": "infeasible", "cost": null, "cpu": 0.000999}
{"case": "arbiter-h4-d1-o2-c1", "status": "infeasible", "cost": null, "cpu": 0.001797}
{"case": "arbiter-h4-d1-o2-c2", "status": "feasible", "cost": 4, "cpu": 0.003996}
{"case": "arbiter-h4-d1-o2-c012", "status": "infeasible", "cost": null, "cpu": 0.001953}
{"case": "arbiter-h4-d2-o1-c0", "status": "infeasible", "cost": null, "cpu": 0.000998}
{"case": "arbiter-h4-d2-o1-c1", "status": "infeasible", "cost": null, "cpu": 0.000895}
{"case": "arbiter-h4-d2-o1-c2", "status": "infeasible", "cost": null, "cpu": 0.001}
{"case": "arbiter-h4-d2-o1-c012", "status": "infeasible", "cost": null, "cpu": 0.000999}
{"case": "arbiter-h4-d2-o2-c0", "status": "infeasible", "cost": null, "cpu": 0.000501}
{"case": "arbiter-h4-d2-o2-c1", "status": "infeasible", "cost": null, "cpu": 0.002001}
{"case": "arbiter-h4-d2-o2-c2", "status": "infeasible", "cost": null, "cpu": 0.001847}
{"case": "arbiter-h4-d2-o2-c012", "status": "infeasible", "cost": null, "cpu": 0.001619}
{"case": "arbiter-h8-d0-o1-c0", "status": "infeasible", "cost": null, "cpu": 0.001001}
{"case": "arbiter-h8-d0-o1-c1", "status": "infeasible", "cost": null, "cpu": 0.001994}
{"case": "arbiter-h8-d0-o1-c2", "status": "feasible", "cost": 1, "cpu": 0.002502}
{"case": "arbiter-h8-d0-o1-c012", "status": "infeasible", "cost": null, "cpu": 0.001998}
{"case": "arbiter-h8-d0-o2-c0", "status": "infeasible", "cost": null, "cpu": 0.001727}
{"case": "arbiter-h8-d0-o2-c1", "status": "infeasible", "cost": null, "cpu": 0.002801}
{"case": "arbiter-h8-d0-o2-c2", "status": "feasible", "cost": 1, "cpu": 0.005984}
{"case": "arbiter-h8-d0-o2-c012", "status": "infeasible", "cost": null, "cpu": 0.003948}
{"case": "arbiter-h8-d1-o1-c0", "status": "infeasible", "cost": null, "cpu": 0.00096}
{"case": "arbiter-h8-d1-o1-c1", "status": "infeasible", "cost": null, "cpu": 0.002}
{"case": "arbiter-h8-d1-o1-c2", "status": "feasible", "cost": 2, "cpu": 0.003}
{"case": "arbiter-h8-d1-o1-c012", "status": "infeasible", "cost": null, "cpu": 0.002617}
{"case": "arbiter-h8-d1-o2-c0", "status": "infeasible", "cost": null, "cpu": 0.001768}
{"case": "arbiter-h8-d1-o2-c1", "status": "infeasible", "cost": null, "cpu": 0.003768}
{"case": "arbiter-h8-d1-o2-c2", "status": "feasible", "cost": 2, "cpu": 0.004751}
{"case": "arbiter-h8-d1-o2-c012", "status": "infeasible", "cost": null, "cpu": 0.004}
{"case": "arbiter-h8-d2-o1-c0", "status": "infeasible", "cost": null, "cpu": 0.001793}
{"case": "arbiter-h8-d2-o1-c1", "status": "infeasible", "cost": null, "cpu": 0.002792}
{"case": "arbiter-h8-d2-o1-c2", "status": "infeasible", "cost": null, "cpu": 0.002578}
{"case": "arbiter-h8-d2-o1-c012", "status": "infeasible", "cost": null, "cpu": 0.001957}
{"case": "arbiter-h8-d2-o2-c0", "status": "infeasible", "cost": null, "cpu": 0.001002}
{"case": "arbiter-h8-d2-o2-c1", "status": "infeasible", "cost": null, "cpu": 0.002994}
{"case": "arbiter-h8-d2-o2-c2", "status": "infeasible", "cost": null, "cpu": 0.002998}
{"case": "arbiter-h8-d2-o2-c012", "status": "infeasible", "cost": null, "cpu": 0.003636}
{"case": "arbiter-h12-d0-o1-c0", "status": "infeasible", "cost": null, "cpu": 0.001835}
{"case": "arbiter-h12-d0-o1-c1", "status": "infeasible", "cost": null, "cpu": 0.002996}
{"case": "arbiter-h12-d0-o1-c2", "status": "feasible", "cost": 1, "cpu": 0.004999}
{"case": "arbiter-h12-d0-o1-c012", "status": "infeasible", "cost": null, "cpu": 0.003903}
{"case": "arbiter-h12-d0-o2-c0", "status": "infeasible", "cost": null, "cpu": 0.002628}
{"case": "arbiter-h12-d0-o2-c1", "status": "infeasible", "cost": null, "cpu": 0.005888}
{"case": "arbiter-h12-d0-o2-c2", "status": "feasible", "cost": 1, "cpu": 0.010935}
{"case": "arbiter-h12-d0-o2-c012", "status": "infeasible", "cost": null, "cpu": 0.005881}
{"case": "arbiter-h12-d1-o1-c0", "status": "infeasible", "cost": null, "cpu": 0.001995}
{"case": "arbiter-h12-d1-o1-c1", "status": "infeasible", "cost": null, "cpu": 0.003825}
{"case": "arbiter-h12-d1-o1-c2", "status": "feasible", "cost": 1, "cpu": 0.004644}
{"case": "arbiter-h12-d1-o1-c012", "status": "infeasible", "cost": null, "cpu": 0.003689}
{"case": "arbiter-h12-d1-o2-c0", "status": "infeasible", "cost": null, "cpu": 0.00252}
{"case": "arbiter-h12-d1-o2-c1", "status": "infeasible", "cost": null, "cpu": 0.005831}
{"case": "arbiter-h12-d1-o2-c2", "status": "feasible", "cost": 2, "cpu": 0.009918}
{"case": "arbiter-h12-d1-o2-c012", "status": "infeasible", "cost": null, "cpu": 0.006}
{"case": "arbiter-h12-d2-o1-c0", "status": "infeasible", "cost": null, "cpu": 0.001879}
{"case": "arbiter-h12-d2-o1-c1", "status": "infeasible", "cost": null, "cpu": 0.002997}
{"case": "arbiter-h12-d2-o1-c2", "status": "feasible", "cost": 3, "cpu": 0.005999}
{"case": "arbiter-h12-d2-o1-c012", "status": "infeasible", "cost": null, "cpu": 0.003849}
{"case": "arbiter-h12-d2-o2-c0", "status": "infeasible", "cost": null, "cpu": 0.002571}
{"case": "arbiter-h12-d2-o2-c1", "status": "infeasible", "cost": null, "cpu": 0.005857}
{"case": "arbiter-h12-d2-o2-c2", "status": "feasible", "cost": 3, "cpu": 0.009901}
{"case": "arbiter-h12-d2-o2-c012", "status": "infeasible", "cost": null, "cpu": 0.004997}
{"case": "credit-h4-d0-o1-c0", "status": "infeasible", "cost": null, "cpu": 0.002}
{"case": "credit-h4-d0-o1-c1", "status": "infeasible", "cost": null, "cpu": 0.005519}
{"case": "credit-h4-d0-o1-c2", "status": "infeasible", "cost": null, "cpu": 0.00494}
{"case": "credit-h4-d0-o1-c012", "status": "infeasible", "cost": null, "cpu": 0.001998}
{"case": "credit-h4-d0-o2-c0", "status": "infeasible", "cost": null, "cpu": 0.002473}
{"case": "credit-h4-d0-o2-c1", "status": "infeasible", "cost": null, "cpu": 0.01292}
{"case": "credit-h4-d0-o2-c2", "status": "infeasible", "cost": null, "cpu": 0.012995}
{"case": "credit-h4-d0-o2-c012", "status": "infeasible", "cost": null, "cpu": 0.003002}
{"case": "credit-h4-d1-o1-c0", "status": "infeasible", "cost": null, "cpu": 0.001999}
{"case": "credit-h4-d1-o1-c1", "status": "infeasible", "cost": null, "cpu": 0.004992}
{"case": "credit-h4-d1-o1-c2", "status": "infeasible", "cost": null, "cpu": 0.005641}
{"case": "credit-h4-d1-o1-c012", "status": "infeasible", "cost": null, "cpu": 0.002928}
{"case": "credit-h4-d1-o2-c0", "status": "infeasible", "cost": null, "cpu": 0.001974}
{"case": "credit-h4-d1-o2-c1", "status": "infeasible", "cost": null, "cpu": 0.010995}
{"case": "credit-h4-d1-o2-c2", "status": "infeasible", "cost": null, "cpu": 0.012996}
{"case": "credit-h4-d1-o2-c012", "status": "infeasible", "cost": null, "cpu": 0.002687}
{"case": "credit-h4-d2-o1-c0", "status": "infeasible", "cost": null, "cpu": 0.001997}
{"case": "credit-h4-d2-o1-c1", "status": "infeasible", "cost": null, "cpu": 0.003644}
{"case": "credit-h4-d2-o1-c2", "status": "infeasible", "cost": null, "cpu": 0.002605}
{"case": "credit-h4-d2-o1-c012", "status": "infeasible", "cost": null, "cpu": 0.002534}
{"case": "credit-h4-d2-o2-c0", "status": "infeasible", "cost": null, "cpu": 0.001719}
{"case": "credit-h4-d2-o2-c1", "status": "infeasible", "cost": null, "cpu": 0.006981}
{"case": "credit-h4-d2-o2-c2", "status": "infeasible", "cost": null, "cpu": 0.003758}
{"case": "credit-h4-d2-o2-c012", "status": "infeasible", "cost": null, "cpu": 0.002996}
{"case": "credit-h8-d0-o1-c0", "status": "infeasible", "cost": null, "cpu": 0.002957}
{"case": "credit-h8-d0-o1-c1", "status": "infeasible", "cost": null, "cpu": 0.007527}
{"case": "credit-h8-d0-o1-c2", "status": "feasible", "cost": 1, "cpu": 0.002}
{"case": "credit-h8-d0-o1-c012", "status": "infeasible", "cost": null, "cpu": 0.003998}
{"case": "credit-h8-d0-o2-c0", "status": "infeasible", "cost": null, "cpu": 0.002845}
{"case": "credit-h8-d0-o2-c1", "status": "infeasible", "cost": null, "cpu": 0.019994}
{"case": "credit-h8-d0-o2-c2", "status": "feasible", "cost": 1, "cpu": 0.008515}
{"case": "credit-h8-d0-o2-c012", "status": "infeasible", "cost": null, "cpu": 0.005865}
{"case": "credit-h8-d1-o1-c0", "status": "infeasible", "cost": null, "cpu": 0.002748}
{"case": "credit-h8-d1-o1-c1", "status": "infeasible", "cost": null, "cpu": 0.006994}
{"case": "credit-h8-d1-o1-c2", "status": "feasible", "cost": 3, "cpu": 0.005998}
{"case": "credit-h8-d1-o1-c012", "status": "infeasible", "cost": null, "cpu": 0.002999}
{"case": "credit-h8-d1-o2-c0", "status": "infeasible", "cost": null, "cpu": 0.002999}
{"case": "credit-h8-d1-o2-c1", "status": "infeasible", "cost": null, "cpu": 0.021515}
{"case": "credit-h8-d1-o2-c2", "status": "feasible", "cost": 3, "cpu": 0.016705}
{"case": "credit-h8-d1-o2-c012", "status": "infeasible", "cost": null, "cpu": 0.005995}
{"case": "credit-h8-d2-o1-c0", "status": "infeasible", "cost": null, "cpu": 0.002789}
{"case": "credit-h8-d2-o1-c1", "status": "infeasible", "cost": null, "cpu": 0.006994}
{"case": "credit-h8-d2-o1-c2", "status": "infeasible", "cost": null, "cpu": 0.006686}
{"case": "credit-h8-d2-o1-c012", "status": "infeasible", "cost": null, "cpu": 0.003798}
{"case": "credit-h8-d2-o2-c0", "status": "infeasible", "cost": null, "cpu": 0.002685}
{"case": "credit-h8-d2-o2-c1", "status": "infeasible", "cost": null, "cpu": 0.018994}
{"case": "credit-h8-d2-o2-c2", "status": "infeasible", "cost": null, "cpu": 0.016991}
{"case": "credit-h8-d2-o2-c012", "status": "infeasible", "cost": null, "cpu": 0.004998}
{"case": "credit-h12-d0-o1-c0", "status": "infeasible", "cost": null, "cpu": 0.003995}
{"case": "credit-h12-d0-o1-c1", "status": "infeasible", "cost": null, "cpu": 0.01062}
{"case": "credit-h12-d0-o1-c2", "status": "feasible", "cost": 1, "cpu": 0.003996}
{"case": "credit-h12-d0-o1-c012", "status": "infeasible", "cost": null, "cpu": 0.005997}
{"case": "credit-h12-d0-o2-c0", "status": "infeasible", "cost": null, "cpu": 0.004894}
{"case": "credit-h12-d0-o2-c1", "status": "infeasible", "cost": null, "cpu": 0.02998}
{"case": "credit-h12-d0-o2-c2", "status": "feasible", "cost": 1, "cpu": 0.014949}
{"case": "credit-h12-d0-o2-c012", "status": "infeasible", "cost": null, "cpu": 0.008999}
{"case": "credit-h12-d1-o1-c0", "status": "infeasible", "cost": null, "cpu": 0.003995}
{"case": "credit-h12-d1-o1-c1", "status": "infeasible", "cost": null, "cpu": 0.010996}
{"case": "credit-h12-d1-o1-c2", "status": "feasible", "cost": 1, "cpu": 0.004778}
{"case": "credit-h12-d1-o1-c012", "status": "infeasible", "cost": null, "cpu": 0.004995}
{"case": "credit-h12-d1-o2-c0", "status": "infeasible", "cost": null, "cpu": 0.003997}
{"case": "credit-h12-d1-o2-c1", "status": "infeasible", "cost": null, "cpu": 0.028995}
{"case": "credit-h12-d1-o2-c2", "status": "feasible", "cost": 1, "cpu": 0.014995}
{"case": "credit-h12-d1-o2-c012", "status": "infeasible", "cost": null, "cpu": 0.008998}
{"case": "credit-h12-d2-o1-c0", "status": "infeasible", "cost": null, "cpu": 0.004675}
{"case": "credit-h12-d2-o1-c1", "status": "infeasible", "cost": null, "cpu": 0.010813}
{"case": "credit-h12-d2-o1-c2", "status": "feasible", "cost": 2, "cpu": 0.008994}
{"case": "credit-h12-d2-o1-c012", "status": "infeasible", "cost": null, "cpu": 0.004995}
{"case": "credit-h12-d2-o2-c0", "status": "infeasible", "cost": null, "cpu": 0.003995}
{"case": "credit-h12-d2-o2-c1", "status": "infeasible", "cost": null, "cpu": 0.029994}
{"case": "credit-h12-d2-o2-c2", "status": "feasible", "cost": 2, "cpu": 0.024805}
{"case": "credit-h12-d2-o2-c012", "status": "infeasible", "cost": null, "cpu": 0.008994}
{"case": "handshake-h4-d0-o1-c0", "status": "infeasible", "cost": null, "cpu": 0.000847}
{"case": "handshake-h4-d0-o1-c1", "status": "feasible", "cost": 1, "cpu": 0.000998}
{"case": "handshake-h4-d0-o1-c2", "status": "feasible", "cost": 1, "cpu": 0.000908}
{"case": "handshake-h4-d0-o1-c012", "status": "infeasible", "cost": null, "cpu": 0.001579}
{"case": "handshake-h4-d0-o2-c0", "status": "infeasible", "cost": null, "cpu": 0.000965}
{"case": "handshake-h4-d0-o2-c1", "status": "feasible", "cost": 2, "cpu": 0.001523}
{"case": "handshake-h4-d0-o2-c2", "status": "infeasible", "cost": null, "cpu": 0.001998}
{"case": "handshake-h4-d0-o2-c012", "status": "infeasible", "cost": null, "cpu": 0.000834}
{"case": "handshake-h4-d1-o1-c0", "status": "infeasible", "cost": null, "cpu": 0.001001}
{"case": "handshake-h4-d1-o1-c1", "status": "infeasible", "cost": null, "cpu": 0.001576}
{"case": "handshake-h4-d1-o1-c2", "status": "infeasible", "cost": null, "cpu": 0.000958}
{"case": "handshake-h4-d1-o1-c012", "status": "infeasible", "cost": null, "cpu": 0.001519}
{"case": "handshake-h4-d1-o2-c0", "status": "infeasible", "cost": null, "cpu": 0.000944}
{"case": "handshake-h4-d1-o2-c1", "status": "infeasible", "cost": null, "cpu": 0.001489}
{"case": "handshake-h4-d1-o2-c2", "status": "infeasible", "cost": null, "cpu": 0.001003}
{"case": "handshake-h4-d1-o2-c012", "status": "infeasible", "cost": null, "cpu": 0.001}
{"case": "handshake-h4-d2-o1-c0", "status": "infeasible", "cost": null, "cpu": 0.000491}
{"case": "handshake-h4-d2-o1-c1", "status": "infeasible", "cost": null, "cpu": 0.001001}
{"case": "handshake-h4-d2-o1-c2", "status": "infeasible", "cost": null, "cpu": 0.0005}
{"case": "handshake-h4-d2-o1-c012", "status": "infeasible", "cost": null, "cpu": 0.000999}
{"case": "handshake-h4-d2-o2-c0", "status": "infeasible", "cost": null, "cpu": 0.001}
{"case": "handshake-h4-d2-o2-c1", "status": "infeasible", "cost": null, "cpu": 0.001886}
{"case": "handshake-h4-d2-o2-c2", "status": "infeasible", "cost": null, "cpu": 0.001729}
{"case": "handshake-h4-d2-o2-c012", "status": "infeasible", "cost": null, "cpu": 0.000929}
{"case": "handshake-h8-d0-o1-c0", "status": "infeasible", "cost": null, "cpu": 0.001001}
{"case": "handshake-h8-d0-o1-c1", "status": "feasible", "cost": 1, "cpu": 0.001001}
{"case": "handshake-h8-d0-o1-c2", "status": "feasible", "cost": 1, "cpu": 0.000994}
{"case": "handshake-h8-d0-o1-c012", "status": "infeasible", "cost": null, "cpu": 0.001508}
{"case": "handshake-h8-d0-o2-c0", "status": "infeasible", "cost": null, "cpu": 0.000999}
{"case": "handshake-h8-d0-o2-c1", "status": "feasible", "cost": 1, "cpu": 0.003569}
{"case": "handshake-h8-d0-o2-c2", "status": "feasible", "cost": 1, "cpu": 0.002993}
{"case": "handshake-h8-d0-o2-c012", "status": "infeasible", "cost": null, "cpu": 0.00273}
{"case": "handshake-h8-d1-o1-c0", "status": "infeasible", "cost": null, "cpu": 0.000904}
{"case": "handshake-h8-d1-o1-c1", "status": "feasible", "cost": 1, "cpu": 0.001001}
{"case": "handshake-h8-d1-o1-c2", "status": "feasible", "cost": 2, "cpu": 0.001002}
{"case": "handshake-h8-d1-o1-c012", "status": "infeasible", "cost": null, "cpu": 0.001}
{"case": "handshake-h8-d1-o2-c0", "status": "infeasible", "cost": null, "cpu": 0.001001}
{"case": "handshake-h8-d1-o2-c1", "status": "feasible", "cost": 2, "cpu": 0.003988}
{"case": "handshake-h8-d1-o2-c2", "status": "infeasible", "cost": null, "cpu": 0.002007}
{"case": "handshake-h8-d1-o2-c012", "status": "infeasible", "cost": null, "cpu": 0.002001}
{"case": "handshake-h8-d2-o1-c0", "status": "infeasible", "cost": null, "cpu": 0.001}
{"case": "handshake-h8-d2-o1-c1", "status": "feasible", "cost": 2, "cpu": 0.000999}
{"case": "handshake-h8-d2-o1-c2", "status": "infeasible", "cost": null, "cpu": 0.001003}
{"case": "handshake-h8-d2-o1-c012", "status": "infeasible", "cost": null, "cpu": 0.002}
{"case": "handshake-h8-d2-o2-c0", "status": "infeasible", "cost": null, "cpu": 0.001774}
{"case": "handshake-h8-d2-o2-c1", "status": "feasible", "cost": 3, "cpu": 0.004948}
{"case": "handshake-h8-d2-o2-c2", "status": "infeasible", "cost": null, "cpu": 0.001857}
{"case": "handshake-h8-d2-o2-c012", "status": "infeasible", "cost": null, "cpu": 0.002}
{"case": "handshake-h12-d0-o1-c0", "status": "infeasible", "cost": null, "cpu": 0.001992}
{"case": "handshake-h12-d0-o1-c1", "status": "feasible", "cost": 1, "cpu": 0.00196}
{"case": "handshake-h12-d0-o1-c2", "status": "feasible", "cost": 1, "cpu": 0.001999}
{"case": "handshake-h12-d0-o1-c012", "status": "infeasible", "cost": null, "cpu": 0.002861}
{"case": "handshake-h12-d0-o2-c0", "status": "infeasible", "cost": null, "cpu": 0.001971}
{"case": "handshake-h12-d0-o2-c1", "status": "feasible", "cost": 1, "cpu": 0.00653}
{"case": "handshake-h12-d0-o2-c2", "status": "feasible", "cost": 1, "cpu": 0.004998}
{"case": "handshake-h12-d0-o2-c012", "status": "infeasible", "cost": null, "cpu": 0.002989}
{"case": "handshake-h12-d1-o1-c0", "status": "infeasible", "cost": null, "cpu": 0.001999}
{"case": "handshake-h12-d1-o1-c1", "status": "feasible", "cost": 1, "cpu": 0.001874}
{"case": "handshake-h12-d1-o1-c2", "status": "feasible", "cost": 1, "cpu": 0.001999}
{"case": "handshake-h12-d1-o1-c012", "status": "infeasible", "cost": null, "cpu": 0.002737}
{"case": "handshake-h12-d1-o2-c0", "status": "infeasible", "cost": null, "cpu": 0.001785}
{"case": "handshake-h12-d1-o2-c1", "status": "feasible", "cost": 1, "cpu": 0.005996}
{"case": "handshake-h12-d1-o2-c2", "status": "infeasible", "cost": null, "cpu": 0.003999}
{"case": "handshake-h12-d1-o2-c012", "status": "infeasible", "cost": null, "cpu": 0.002996}
{"case": "handshake-h12-d2-o1-c0", "status": "infeasible", "cost": null, "cpu": 0.001998}
{"case": "handshake-h12-d2-o1-c1", "status": "feasible", "cost": 1, "cpu": 0.001778}
{"case": "handshake-h12-d2-o1-c2", "status": "infeasible", "cost": null, "cpu": 0.001981}
{"case": "handshake-h12-d2-o1-c012", "status": "infeasible", "cost": null, "cpu": 0.002513}
{"case": "handshake-h12-d2-o2-c0", "status": "infeasible", "cost": null, "cpu": 0.001655}
{"case": "handshake-h12-d2-o2-c1", "status": "feasible", "cost": 2, "cpu": 0.006995}
{"case": "handshake-h12-d2-o2-c2", "status": "infeasible", "cost": null, "cpu": 0.003}
{"case": "handshake-h12-d2-o2-c012", "status": "infeasible", "cost": null, "cpu": 0.003842}
{"case": "lfsr-h4-d0-o1-c0", "status": "infeasible", "cost": null, "cpu": 0.00276}
{"case": "lfsr-h4-d0-o1-c1", "status": "infeasible", "cost": null, "cpu": 0.010992}
{"case": "lfsr-h4-d0-o1-c2", "status": "infeasible", "cost": null, "cpu": 0.007843}
{"case": "lfsr-h4-d0-o1-c012", "status": "infeasible", "cost": null, "cpu": 0.002995}
{"case": "lfsr-h4-d0-o2-c0", "status": "infeasible", "cost": null, "cpu": 0.002995}
{"case": "lfsr-h4-d0-o2-c1", "status": "infeasible", "cost": null, "cpu": 0.032692}
{"case": "lfsr-h4-d0-o2-c2", "status": "infeasible", "cost": null, "cpu": 0.024997}
{"case": "lfsr-h4-d0-o2-c012", "status": "infeasible", "cost": null, "cpu": 0.003994}
{"case": "lfsr-h4-d1-o1-c0", "status": "infeasible", "cost": null, "cpu": 0.003583}
{"case": "lfsr-h4-d1-o1-c1", "status": "infeasible", "cost": null, "cpu": 0.007907}
{"case": "lfsr-h4-d1-o1-c2", "status": "infeasible", "cost": null, "cpu": 0.00465}
{"case": "lfsr-h4-d1-o1-c012", "status": "infeasible", "cost": null, "cpu": 0.003846}
{"case": "lfsr-h4-d1-o2-c0", "status": "infeasible", "cost": null, "cpu": 0.002924}
{"case": "lfsr-h4-d1-o2-c1", "status": "infeasible", "cost": null, "cpu": 0.019992}
{"case": "lfsr-h4-d1-o2-c2", "status": "infeasible", "cost": null, "cpu": 0.010962}
{"case": "lfsr-h4-d1-o2-c012", "status": "infeasible", "cost": null, "cpu": 0.004554}
{"case": "lfsr-h4-d2-o1-c0", "status": "infeasible", "cost": null, "cpu": 0.002707}
{"case": "lfsr-h4-d2-o1-c1", "status": "infeasible", "cost": null, "cpu": 0.003997}
{"case": "lfsr-h4-d2-o1-c2", "status": "infeasible", "cost": null, "cpu": 0.002922}
{"case": "lfsr-h4-d2-o1-c012", "status": "infeasible", "cost": null, "cpu": 0.003}
{"case": "lfsr-h4-d2-o2-c0", "status": "infeasible", "cost": null, "cpu": 0.002999}
{"case": "lfsr-h4-d2-o2-c1", "status": "infeasible", "cost": null, "cpu": 0.006995}
{"case": "lfsr-h4-d2-o2-c2", "status": "infeasible", "cost": null, "cpu": 0.005995}
{"case": "lfsr-h4-d2-o2-c012", "status": "infeasible", "cost": null, "cpu": 0.003996}
{"case": "lfsr-h8-d0-o1-c0", "status": "infeasible", "cost": null, "cpu": 0.003995}
{"case": "lfsr-h8-d0-o1-c1", "status": "infeasible", "cost": null, "cpu": 0.016994}
{"case": "lfsr-h8-d0-o1-c2", "status": "infeasible", "cost": null, "cpu": 0.017599}
{"case": "lfsr-h8-d0-o1-c012", "status": "infeasible", "cost": null, "cpu": 0.004816}
{"case": "lfsr-h8-d0-o2-c0", "status": "infeasible", "cost": null, "cpu": 0.003998}
{"case": "lfsr-h8-d0-o2-c1", "status": "infeasible", "cost": null, "cpu": 0.058997}
{"case": "lfsr-h8-d0-o2-c2", "status": "infeasible", "cost": null, "cpu": 0.058994}
{"case": "lfsr-h8-d0-o2-c012", "status": "infeasible", "cost": null, "cpu": 0.008}
{"case": "lfsr-h8-d1-o1-c0", "status": "infeasible", "cost": null, "cpu": 0.004857}
{"case": "lfsr-h8-d1-o1-c1", "status": "infeasible", "cost": null, "cpu": 0.016932}
{"case": "lfsr-h8-d1-o1-c2", "status": "infeasible", "cost": null, "cpu": 0.016629}
{"case": "lfsr-h8-d1-o1-c012", "status": "infeasible", "cost": null, "cpu": 0.004995}
{"case": "lfsr-h8-d1-o2-c0", "status": "infeasible", "cost": null, "cpu": 0.003995}
{"case": "lfsr-h8-d1-o2-c1", "status": "infeasible", "cost": null, "cpu": 0.055995}
{"case": "lfsr-h8-d1-o2-c2", "status": "infeasible", "cost": null, "cpu": 0.056754}
{"case": "lfsr-h8-d1-o2-c012", "status": "infeasible", "cost": null, "cpu": 0.007682}
{"case": "lfsr-h8-d2-o1-c0", "status": "infeasible", "cost": null, "cpu": 0.004571}
{"case": "lfsr-h8-d2-o1-c1", "status": "infeasible", "cost": null, "cpu": 0.010594}
{"case": "lfsr-h8-d2-o1-c2", "status": "infeasible", "cost": null, "cpu": 0.010486}
{"case": "lfsr-h8-d2-o1-c012", "status": "infeasible", "cost": null, "cpu": 0.004856}
{"case": "lfsr-h8-d2-o2-c0", "status": "infeasible", "cost": null, "cpu": 0.003996}
{"case": "lfsr-h8-d2-o2-c1", "status": "infeasible", "cost": null, "cpu": 0.026995}
{"case": "lfsr-h8-d2-o2-c2", "status": "infeasible", "cost": null, "cpu": 0.028996}
{"case": "lfsr-h8-d2-o2-c012", "status": "infeasible", "cost": null, "cpu": 0.007}
{"case": "lfsr-h12-d0-o1-c0", "status": "infeasible", "cost": null, "cpu": 0.005995}
{"case": "lfsr-h12-d0-o1-c1", "status": "infeasible", "cost": null, "cpu": 0.024995}
{"case": "lfsr-h12-d0-o1-c2", "status": "infeasible", "cost": null, "cpu": 0.025597}
{"case": "lfsr-h12-d0-o1-c012", "status": "infeasible", "cost": null, "cpu": 0.007994}
{"case": "lfsr-h12-d0-o2-c0", "status": "infeasible", "cost": null, "cpu": 0.005994}
{"case": "lfsr-h12-d0-o2-c1", "status": "infeasible", "cost": null, "cpu": 0.089996}
{"case": "lfsr-h12-d0-o2-c2", "status": "infeasible", "cost": null, "cpu": 0.090869}
{"case": "lfsr-h12-d0-o2-c012", "status": "infeasible", "cost": null, "cpu": 0.012995}
{"case": "lfsr-h12-d1-o1-c0", "status": "infeasible", "cost": null, "cpu": 0.006831}
{"case": "lfsr-h12-d1-o1-c1", "status": "infeasible", "cost": null, "cpu": 0.024717}
{"case": "lfsr-h12-d1-o1-c2", "status": "infeasible", "cost": null, "cpu": 0.024996}
{"case": "lfsr-h12-d1-o1-c012", "status": "infeasible", "cost": null, "cpu": 0.008884}
{"case": "lfsr-h12-d1-o2-c0", "status": "infeasible", "cost": null, "cpu": 0.00698}
{"case": "lfsr-h12-d1-o2-c1", "status": "infeasible", "cost": null, "cpu": 0.090777}
{"case": "lfsr-h12-d1-o2-c2", "status": "infeasible", "cost": null, "cpu": 0.08497}
{"case": "lfsr-h12-d1-o2-c012", "status": "infeasible", "cost": null, "cpu": 0.012929}
{"case": "lfsr-h12-d2-o1-c0", "status": "infeasible", "cost": null, "cpu": 0.006751}
{"case": "lfsr-h12-d2-o1-c1", "status": "infeasible", "cost": null, "cpu": 0.022752}
{"case": "lfsr-h12-d2-o1-c2", "status": "infeasible", "cost": null, "cpu": 0.023995}
{"case": "lfsr-h12-d2-o1-c012", "status": "infeasible", "cost": null, "cpu": 0.007995}
{"case": "lfsr-h12-d2-o2-c0", "status": "infeasible", "cost": null, "cpu": 0.006721}
{"case": "lfsr-h12-d2-o2-c1", "status": "infeasible", "cost": null, "cpu": 0.075699}
{"case": "lfsr-h12-d2-o2-c2", "status": "infeasible", "cost": null, "cpu": 0.082489}
{"case": "lfsr-h12-d2-o2-c012", "status": "infeasible", "cost": null, "cpu": 0.012552}
{"run_summary": {"cases": ["counter-h4-d0-o1-c0", "counter-h4-d0-o1-c1", "counter-h4-d0-o1-c2", "counter-h4-d0-o1-c012", "counter-h4-d0-o2-c0", "counter-h4-d0-o2-c1", "counter-h4-d0-o2-c2", "counter-h4-d0-o2-c012", "counter-h4-d1-o1-c0", "counter-h4-d1-o1-c1", "counter-h4-d1-o1-c2", "counter-h4-d1-o1-c012", "counter-h4-d1-o2-c0", "counter-h4-d1-o2-c1", "counter-h4-d1-o2-c2", "counter-h4-d1-o2-c012", "counter-h4-d2-o1-c0", "counter-h4-d2-o1-c1", "counter-h4-d2-o1-c2", "counter-h4-d2-o1-c012", "counter-h4-d2-o2-c0", "counter-h4-d2-o2-c1", "counter-h4-d2-o2-c2", "counter-h4-d2-o2-c012", "counter-h8-d0-o1-c0", "counter-h8-d0-o1-c1", "counter-h8-d0-o1-c2", "counter-h8-d0-o1-c012", "counter-h8-d0-o2-c0", "counter-h8-d0-o2-c1", "counter-h8-d0-o2-c2", "counter-h8-d0-o2-c012", "counter-h8-d1-o1-c0", "counter-h8-d1-o1-c1", "counter-h8-d1-o1-c2", "counter-h8-d1-o1-c012", "counter-h8-d1-o2-c0", "counter-h8-d1-o2-c1", "counter-h8-d1-o2-c2", "counter-h8-d1-o2-c012", "counter-h8-d2-o1-c0", "counter-h8-d2-o1-c1", "counter-h8-d2-o1-c2", "counter-h8-d2-o1-c012", "counter-h8-d2-o2-c0", "counter-h8-d2-o2-c1", "counter-h8-d2-o2-c2", "counter-h8-d2-o2-c012", "counter-h12-d0-o1-c0", "counter-h12-d0-o1-c1", "counter-h12-d0-o1-c2", "counter-h12-d0-o1-c012", "counter-h12-d0-o2-c0", "counter-h12-d0-o2-c1", "counter-h12-d0-o2-c2", "counter-h12-d0-o2-c012", "counter-h12-d1-o1-c0", "counter-h12-d1-o1-c1", "counter-h12-d1-o1-c2", "counter-h12-d1-o1-c012", "counter-h12-d1-o2-c0", "counter-h12-d1-o2-c1", "counter-h12-d1-o2-c2", "counter-h12-d1-o2-c012", "counter-h12-d2-o1-c0", "counter-h12-d2-o1-c1", "counter-h12-d2-o1-c2", "counter-h12-d2-o1-c012", "counter-h12-d2-o2-c0", "counter-h12-d2-o2-c1", "counter-h12-d2-o2-c2", "counter-h12-d2-o2-c012", "fifo-h4-d0-o1-c0", "fifo-h4-d0-o1-c1", "fifo-h4-d0-o1-c2", "fifo-h4-d0-o1-c012", "fifo-h4-d0-o2-c0", "fifo-h4-d0-o2-c1", "fifo-h4-d0-o2-c2", "fifo-h4-d0-o2-c012", "fifo-h4-d1-o1-c0", "fifo-h4-d1-o1-c1", "fifo-h4-d1-o1-c2", "fifo-h4-d1-o1-c012", "fifo-h4-d1-o2-c0", "fifo-h4-d1-o2-c1", "fifo-h4-d1-o2-c2", "fifo-h4-d1-o2-c012", "fifo-h4-d2-o1-c0", "fifo-h4-d2-o1-c1", "fifo-h4-d2-o1-c2", "fifo-h4-d2-o1-c012", "fifo-h4-d2-o2-c0", "fifo-h4-d2-o2-c1", "fifo-h4-d2-o2-c2", "fifo-h4-d2-o2-c012", "fifo-h8-d0-o1-c0", "fifo-h8-d0-o1-c1", "fifo-h8-d0-o1-c2", "fifo-h8-d0-o1-c012", "fifo-h8-d0-o2-c0", "fifo-h8-d0-o2-c1", "fifo-h8-d0-o2-c2", "fifo-h8-d0-o2-c012", "fifo-h8-d1-o1-c0", "fifo-h8-d1-o1-c1", "fifo-h8-d1-o1-c2", "fifo-h8-d1-o1-c012", "fifo-h8-d1-o2-c0", "fifo-h8-d1-o2-c1", "fifo-h8-d1-o2-c2", "fifo-h8-d1-o2-c012", "fifo-h8-d2-o1-c0", "fifo-h8-d2-o1-c1", "fifo-h8-d2-o1-c2", "fifo-h8-d2-o1-c012", "fifo-h8-d2-o2-c0", "fifo-h8-d2-o2-c1", "fifo-h8-d2-o2-c2", "fifo-h8-d2-o2-c012", "fifo-h12-d0-o1-c0", "fifo-h12-d0-o1-c1", "fifo-h12-d0-o1-c2", "fifo-h12-d0-o1-c012", "fifo-h12-d0-o2-c0", "fifo-h12-d0-o2-c1", "fifo-h12-d0-o2-c2", "fifo-h12-d0-o2-c012", "fifo-h12-d1-o1-c0", "fifo-h12-d1-o1-c1", "fifo-h12-d1-o1-c2", "fifo-h12-d1-o1-c012", "fifo-h12-d1-o2-c0", "fifo-h12-d1-o2-c1", "fifo-h12-d1-o2-c2", "fifo-h12-d1-o2-c012", "fifo-h12-d2-o1-c0", "fifo-h12-d2-o1-c1", "fifo-h12-d2-o1-c2", "fifo-h12-d2-o1-c012", "fifo-h12-d2-o2-c0", "fifo-h12-d2-o2-c1", "fifo-h12-d2-o2-c2", "fifo-h12-d2-o2-c012", "arbiter-h4-d0-o1-c0", "arbiter-h4-d0-o1-c1", "arbiter-h4-d0-o1-c2", "arbiter-h4-d0-o1-c012", "arbiter-h4-d0-o2-c0", "arbiter-h4-d0-o2-c1", "arbiter-h4-d0-o2-c2", "arbiter-h4-d0-o2-c012", "arbiter-h4-d1-o1-c0", "arbiter-h4-d1-o1-c1", "arbiter-h4-d1-o1-c2", "arbiter-h4-d1-o1-c012", "arbiter-h4-d1-o2-c0", "arbiter-h4-d1-o2-c1", "arbiter-h4-d1-o2-c2", "arbiter-h4-d1-o2-c012", "arbiter-h4-d2-o1-c0", "arbiter-h4-d2-o1-c1", "arbiter-h4-d2-o1-c2", "arbiter-h4-d2-o1-c012", "arbiter-h4-d2-o2-c0", "arbiter-h4-d2-o2-c1", "arbiter-h4-d2-o2-c2", "arbiter-h4-d2-o2-c012", "arbiter-h8-d0-o1-c0", "arbiter-h8-d0-o1-c1", "arbiter-h8-d0-o1-c2", "arbiter-h8-d0-o1-c012", "arbiter-h8-d0-o2-c0", "arbiter-h8-d0-o2-c1", "arbiter-h8-d0-o2-c2", "arbiter-h8-d0-o2-c012", "arbiter-h8-d1-o1-c0", "arbiter-h8-d1-o1-c1", "arbiter-h8-d1-o1-c2", "arbiter-h8-d1-o1-c012", "arbiter-h8-d1-o2-c0", "arbiter-h8-d1-o2-c1", "arbiter-h8-d1-o2-c2", "arbiter-h8-d1-o2-c012", "arbiter-h8-d2-o1-c0", "arbiter-h8-d2-o1-c1", "arbiter-h8-d2-o1-c2", "arbiter-h8-d2-o1-c012", "arbiter-h8-d2-o2-c0", "arbiter-h8-d2-o2-c1", "arbiter-h8-d2-o2-c2", "arbiter-h8-d2-o2-c012", "arbiter-h12-d0-o1-c0", "arbiter-h12-d0-o1-c1", "arbiter-h12-d0-o1-c2", "arbiter-h12-d0-o1-c012", "arbiter-h12-d0-o2-c0", "arbiter-h12-d0-o2-c1", "arbiter-h12-d0-o2-c2", "arbiter-h12-d0-o2-c012", "arbiter-h12-d1-o1-c0", "arbiter-h12-d1-o1-c1", "arbiter-h12-d1-o1-c2", "arbiter-h12-d1-o1-c012", "arbiter-h12-d1-o2-c0", "arbiter-h12-d1-o2-c1", "arbiter-h12-d1-o2-c2", "arbiter-h12-d1-o2-c012", "arbiter-h12-d2-o1-c0", "arbiter-h12-d2-o1-c1", "arbiter-h12-d2-o1-c2", "arbiter-h12-d2-o1-c012", "arbiter-h12-d2-o2-c0", "arbiter-h12-d2-o2-c1", "arbiter-h12-d2-o2-c2", "arbiter-h12-d2-o2-c012", "credit-h4-d0-o1-c0", "credit-h4-d0-o1-c1", "credit-h4-d0-o1-c2", "credit-h4-d0-o1-c012", "credit-h4-d0-o2-c0", "credit-h4-d0-o2-c1", "credit-h4-d0-o2-c2", "credit-h4-d0-o2-c012", "credit-h4-d1-o1-c0", "credit-h4-d1-o1-c1", "credit-h4-d1-o1-c2", "credit-h4-d1-o1-c012", "credit-h4-d1-o2-c0", "credit-h4-d1-o2-c1", "credit-h4-d1-o2-c2", "credit-h4-d1-o2-c012", "credit-h4-d2-o1-c0", "credit-h4-d2-o1-c1", "credit-h4-d2-o1-c2", "credit-h4-d2-o1-c012", "credit-h4-d2-o2-c0", "credit-h4-d2-o2-c1", "credit-h4-d2-o2-c2", "credit-h4-d2-o2-c012", "credit-h8-d0-o1-c0", "credit-h8-d0-o1-c1", "credit-h8-d0-o1-c2", "credit-h8-d0-o1-c012", "credit-h8-d0-o2-c0", "credit-h8-d0-o2-c1", "credit-h8-d0-o2-c2", "credit-h8-d0-o2-c012", "credit-h8-d1-o1-c0", "credit-h8-d1-o1-c1", "credit-h8-d1-o1-c2", "credit-h8-d1-o1-c012", "credit-h8-d1-o2-c0", "credit-h8-d1-o2-c1", "credit-h8-d1-o2-c2", "credit-h8-d1-o2-c012", "credit-h8-d2-o1-c0", "credit-h8-d2-o1-c1", "credit-h8-d2-o1-c2", "credit-h8-d2-o1-c012", "credit-h8-d2-o2-c0", "credit-h8-d2-o2-c1", "credit-h8-d2-o2-c2", "credit-h8-d2-o2-c012", "credit-h12-d0-o1-c0", "credit-h12-d0-o1-c1", "credit-h12-d0-o1-c2", "credit-h12-d0-o1-c012", "credit-h12-d0-o2-c0", "credit-h12-d0-o2-c1", "credit-h12-d0-o2-c2", "credit-h12-d0-o2-c012", "credit-h12-d1-o1-c0", "credit-h12-d1-o1-c1", "credit-h12-d1-o1-c2", "credit-h12-d1-o1-c012", "credit-h12-d1-o2-c0", "credit-h12-d1-o2-c1", "credit-h12-d1-o2-c2", "credit-h12-d1-o2-c012", "credit-h12-d2-o1-c0", "credit-h12-d2-o1-c1", "credit-h12-d2-o1-c2", "credit-h12-d2-o1-c012", "credit-h12-d2-o2-c0", "credit-h12-d2-o2-c1", "credit-h12-d2-o2-c2", "credit-h12-d2-o2-c012", "handshake-h4-d0-o1-c0", "handshake-h4-d0-o1-c1", "handshake-h4-d0-o1-c2", "handshake-h4-d0-o1-c012", "handshake-h4-d0-o2-c0", "handshake-h4-d0-o2-c1", "handshake-h4-d0-o2-c2", "handshake-h4-d0-o2-c012", "handshake-h4-d1-o1-c0", "handshake-h4-d1-o1-c1", "handshake-h4-d1-o1-c2", "handshake-h4-d1-o1-c012", "handshake-h4-d1-o2-c0", "handshake-h4-d1-o2-c1", "handshake-h4-d1-o2-c2", "handshake-h4-d1-o2-c012", "handshake-h4-d2-o1-c0", "handshake-h4-d2-o1-c1", "handshake-h4-d2-o1-c2", "handshake-h4-d2-o1-c012", "handshake-h4-d2-o2-c0", "handshake-h4-d2-o2-c1", "handshake-h4-d2-o2-c2", "handshake-h4-d2-o2-c012", "handshake-h8-d0-o1-c0", "handshake-h8-d0-o1-c1", "handshake-h8-d0-o1-c2", "handshake-h8-d0-o1-c012", "handshake-h8-d0-o2-c0", "handshake-h8-d0-o2-c1", "handshake-h8-d0-o2-c2", "handshake-h8-d0-o2-c012", "handshake-h8-d1-o1-c0", "handshake-h8-d1-o1-c1", "handshake-h8-d1-o1-c2", "handshake-h8-d1-o1-c012", "handshake-h8-d1-o2-c0", "handshake-h8-d1-o2-c1", "handshake-h8-d1-o2-c2", "handshake-h8-d1-o2-c012", "handshake-h8-d2-o1-c0", "handshake-h8-d2-o1-c1", "handshake-h8-d2-o1-c2", "handshake-h8-d2-o1-c012", "handshake-h8-d2-o2-c0", "handshake-h8-d2-o2-c1", "handshake-h8-d2-o2-c2", "handshake-h8-d2-o2-c012", "handshake-h12-d0-o1-c0", "handshake-h12-d0-o1-c1", "handshake-h12-d0-o1-c2", "handshake-h12-d0-o1-c012", "handshake-h12-d0-o2-c0", "handshake-h12-d0-o2-c1", "handshake-h12-d0-o2-c2", "handshake-h12-d0-o2-c012", "handshake-h12-d1-o1-c0", "handshake-h12-d1-o1-c1", "handshake-h12-d1-o1-c2", "handshake-h12-d1-o1-c012", "handshake-h12-d1-o2-c0", "handshake-h12-d1-o2-c1", "handshake-h12-d1-o2-c2", "handshake-h12-d1-o2-c012", "handshake-h12-d2-o1-c0", "handshake-h12-d2-o1-c1", "handshake-h12-d2-o1-c2", "handshake-h12-d2-o1-c012", "handshake-h12-d2-o2-c0", "handshake-h12-d2-o2-c1", "handshake-h12-d2-o2-c2", "handshake-h12-d2-o2-c012", "lfsr-h4-d0-o1-c0", "lfsr-h4-d0-o1-c1", "lfsr-h4-d0-o1-c2", "lfsr-h4-d0-o1-c012", "lfsr-h4-d0-o2-c0", "lfsr-h4-d0-o2-c1", "lfsr-h4-d0-o2-c2", "lfsr-h4-d0-o2-c012", "lfsr-h4-d1-o1-c0", "lfsr-h4-d1-o1-c1", "lfsr-h4-d1-o1-c2", "lfsr-h4-d1-o1-c012", "lfsr-h4-d1-o2-c0", "lfsr-h4-d1-o2-c1", "lfsr-h4-d1-o2-c2", "lfsr-h4-d1-o2-c012", "lfsr-h4-d2-o1-c0", "lfsr-h4-d2-o1-c1", "lfsr-h4-d2-o1-c2", "lfsr-h4-d2-o1-c012", "lfsr-h4-d2-o2-c0", "lfsr-h4-d2-o2-c1", "lfsr-h4-d2-o2-c2", "lfsr-h4-d2-o2-c012", "lfsr-h8-d0-o1-c0", "lfsr-h8-d0-o1-c1", "lfsr-h8-d0-o1-c2", "lfsr-h8-d0-o1-c012", "lfsr-h8-d0-o2-c0", "lfsr-h8-d0-o2-c1", "lfsr-h8-d0-o2-c2", "lfsr-h8-d0-o2-c012", "lfsr-h8-d1-o1-c0", "lfsr-h8-d1-o1-c1", "lfsr-h8-d1-o1-c2", "lfsr-h8-d1-o1-c012", "lfsr-h8-d1-o2-c0", "lfsr-h8-d1-o2-c1", "lfsr-h8-d1-o2-c2", "lfsr-h8-d1-o2-c012", "lfsr-h8-d2-o1-c0", "lfsr-h8-d2-o1-c1", "lfsr-h8-d2-o1-c2", "lfsr-h8-d2-o1-c012", "lfsr-h8-d2-o2-c0", "lfsr-h8-d2-o2-c1", "lfsr-h8-d2-o2-c2", "lfsr-h8-d2-o2-c012", "lfsr-h12-d0-o1-c0", "lfsr-h12-d0-o1-c1", "lfsr-h12-d0-o1-c2", "lfsr-h12-d0-o1-c012", "lfsr-h12-d0-o2-c0", "lfsr-h12-d0-o2-c1", "lfsr-h12-d0-o2-c2", "lfsr-h12-d0-o2-c012", "lfsr-h12-d1-o1-c0", "lfsr-h12-d1-o1-c1", "lfsr-h12-d1-o1-c2", "lfsr-h12-d1-o1-c012", "lfsr-h12-d1-o2-c0", "lfsr-h12-d1-o2-c1", "lfsr-h12-d1-o2-c2", "lfsr-h12-d1-o2-c012", "lfsr-h12-d2-o1-c0", "lfsr-h12-d2-o1-c1", "lfsr-h12-d2-o1-c2", "lfsr-h12-d2-o1-c012", "lfsr-h12-d2-o2-c0", "lfsr-h12-d2-o2-c1", "lfsr-h12-d2-o2-c2", "lfsr-h12-d2-o2-c012"], "skipped": 0, "requested_cases": 432, "cpu_seconds": 3.447191691, "wall_seconds": 3.4474239019999686, "process_peak_rss_kib": 25112, "workers": 1, "instance": "/home/runner/work/TraceLocate-code/TraceLocate-code/models/campaign.json", "stop_policy": "check seconds boundary between atomic cases; exact selection is bounded to 12 taps; horizon bounds are declared by the selected instance"}}
