{"case": "uart-h16-d0-o0-c0", "status": "infeasible", "cost": null, "cpu": 0.281994}
{"case": "uart-h16-d0-o0-c1", "status": "infeasible", "cost": null, "cpu": 0.207984}
{"case": "uart-h16-d0-o0-c2", "status": "infeasible", "cost": null, "cpu": 0.278962}
{"case": "uart-h16-d0-o0-call", "status": "infeasible", "cost": null, "cpu": 0.28593}
{"case": "uart-h16-d1-o0-c0", "status": "infeasible", "cost": null, "cpu": 0.213995}
{"case": "uart-h16-d1-o0-c1", "status": "infeasible", "cost": null, "cpu": 0.208978}
{"case": "uart-h16-d1-o0-c2", "status": "infeasible", "cost": null, "cpu": 0.213975}
{"case": "uart-h16-d1-o0-call", "status": "infeasible", "cost": null, "cpu": 0.222943}
{"case": "uart-h24-d0-o0-c0", "status": "feasible", "cost": 3, "cpu": 0.077993}
{"case": "uart-h24-d0-o0-c1", "status": "feasible", "cost": 5, "cpu": 0.096993}
{"case": "uart-h24-d0-o0-c2", "status": "feasible", "cost": 3, "cpu": 0.07899}
{"case": "uart-h24-d0-o0-call", "status": "feasible", "cost": 5, "cpu": 0.169992}
{"case": "uart-h24-d1-o0-c0", "status": "infeasible", "cost": null, "cpu": 0.298971}
{"case": "uart-h24-d1-o0-c1", "status": "infeasible", "cost": null, "cpu": 0.29988}
{"case": "uart-h24-d1-o0-c2", "status": "infeasible", "cost": null, "cpu": 0.291984}
{"case": "uart-h24-d1-o0-call", "status": "infeasible", "cost": null, "cpu": 0.312974}
{"case": "uart-h32-d0-o0-c0", "status": "feasible", "cost": 3, "cpu": 0.105995}
{"case": "uart-h32-d0-o0-c1", "status": "feasible", "cost": 4, "cpu": 0.118896}
{"case": "uart-h32-d0-o0-c2", "status": "feasible", "cost": 3, "cpu": 0.104975}
{"case": "uart-h32-d0-o0-call", "status": "feasible", "cost": 4, "cpu": 0.238991}
{"case": "uart-h32-d1-o0-c0", "status": "infeasible", "cost": null, "cpu": 0.418979}
{"case": "uart-h32-d1-o0-c1", "status": "infeasible", "cost": null, "cpu": 0.415845}
{"case": "uart-h32-d1-o0-c2", "status": "infeasible", "cost": null, "cpu": 0.412989}
{"case": "uart-h32-d1-o0-call", "status": "infeasible", "cost": null, "cpu": 0.443822}
{"case": "uart-h24-d0-o01-c0", "status": "feasible", "cost": 3, "cpu": 0.184982}
{"case": "uart-h24-d0-o01-c1", "status": "feasible", "cost": 5, "cpu": 0.230992}
{"case": "uart-h24-d0-o01-c2", "status": "feasible", "cost": 3, "cpu": 0.182992}
{"case": "uart-h24-d0-o01-call", "status": "feasible", "cost": 5, "cpu": 0.519832}
{"run_summary": {"cases": ["uart-h16-d0-o0-c0", "uart-h16-d0-o0-c1", "uart-h16-d0-o0-c2", "uart-h16-d0-o0-call", "uart-h16-d1-o0-c0", "uart-h16-d1-o0-c1", "uart-h16-d1-o0-c2", "uart-h16-d1-o0-call", "uart-h24-d0-o0-c0", "uart-h24-d0-o0-c1", "uart-h24-d0-o0-c2", "uart-h24-d0-o0-call", "uart-h24-d1-o0-c0", "uart-h24-d1-o0-c1", "uart-h24-d1-o0-c2", "uart-h24-d1-o0-call", "uart-h32-d0-o0-c0", "uart-h32-d0-o0-c1", "uart-h32-d0-o0-c2", "uart-h32-d0-o0-call", "uart-h32-d1-o0-c0", "uart-h32-d1-o0-c1", "uart-h32-d1-o0-c2", "uart-h32-d1-o0-call", "uart-h24-d0-o01-c0", "uart-h24-d0-o01-c1", "uart-h24-d0-o01-c2", "uart-h24-d0-o01-call"], "skipped": 0, "requested_cases": 28, "cpu_seconds": 6.9810475389999995, "wall_seconds": 6.981793067000012, "process_peak_rss_kib": 25280, "workers": 1, "instance": "/home/runner/work/TraceLocate-code/TraceLocate-code/models/rtl-campaign.json", "stop_policy": "check seconds boundary between atomic cases; exact selection is bounded to 12 taps; horizon bounds are declared by the selected instance"}}
